C51 COMPILER V9.54   MAIN                                                                  07/24/2025 11:34:59 PAGE 1   


C51 COMPILER V9.54, COMPILATION OF MODULE MAIN
OBJECT MODULE PLACED IN .\Objects\main.obj
COMPILER INVOKED BY: E:\DanPianji\Keil5_51\C51\BIN\C51.EXE main.c OPTIMIZE(8,SPEED) BROWSE DEBUG OBJECTEXTEND PRINT(.\Li
                    -stings\main.lst) OBJECT(.\Objects\main.obj)

line level    source

   1          #include <REGX52.H>
   2          #include "Delay.h"
   3          #include "Timer0.h"
   4          #include "Key.h"
   5          #include "Nixie.h"
   6          
   7          sbit Motor = P1^0;
   8          
   9          unsigned char Counter, Compare; 
  10          unsigned char KeyNum, Speed; 
  11          
  12          void main()
  13          {
  14   1              Timer0_Init();
  15   1              Compare = 5;
  16   1              while(1)
  17   1              {
  18   2                      KeyNum = Key();
  19   2                      if(KeyNum == 1)
  20   2                      {
  21   3      //                      Delay(20);
  22   3      //                      while(KeyNum == 1);
  23   3      //                      Delay(20);
  24   3                              Speed++;
  25   3                              Speed %= 4;
  26   3                              if(Speed == 0){Compare = 0;}
  27   3                              if(Speed == 1){Compare = 50;}
  28   3                              if(Speed == 2){Compare = 75;}
  29   3                              if(Speed == 3){Compare = 100;}
  30   3                      }
  31   2                      Nixie(1,Speed);
  32   2              }
  33   1      }
  34          
  35          void Timer0_Routine() interrupt 1
  36          {
  37   1              TL0 = 0xA4;             //设置定时初值
  38   1              TH0 = 0xFF;             //设置定时初值
  39   1              Counter++;
  40   1              Counter %= 100;  //置零 == Counter=0；
  41   1              if(Counter  < Compare)
  42   1              {
  43   2      //              LED = 0; // 低电平点亮
  44   2                      Motor = 1;
  45   2              }
  46   1              else
  47   1              {
  48   2      //              LED = 1;
  49   2                      Motor = 0;
  50   2              }
  51   1      }


MODULE INFORMATION:   STATIC OVERLAYABLE
C51 COMPILER V9.54   MAIN                                                                  07/24/2025 11:34:59 PAGE 2   

   CODE SIZE        =    107    ----
   CONSTANT SIZE    =   ----    ----
   XDATA SIZE       =   ----    ----
   PDATA SIZE       =   ----    ----
   DATA SIZE        =      4    ----
   IDATA SIZE       =   ----    ----
   BIT SIZE         =   ----    ----
END OF MODULE INFORMATION.


C51 COMPILATION COMPLETE.  0 WARNING(S),  0 ERROR(S)
